[2;36m[03/09/25 08:43:59][0m[2;36m [0m[1;7;31mCRITICAL[0m [1;31mTARGETING SINKS: system                                                                                                                                                        [0m
[2;36m                   [0m[2;36m [0m[34mINFO    [0m [37mRunning RDA Taint on function main@0x4011f6...                                                                                                                                 [0m
[2;36m[03/09/25 08:44:00][0m[2;36m [0m[34mINFO    [0m [37mRunning RDA on function main@0x4011f6...                                                                                                                                       [0m
[2;36m[03/09/25 08:44:01][0m[2;36m [0m[34mINFO    [0m [37mFound 1 potential sinks.                                                                                                                                                       [0m
[2;36m[03/09/25 08:44:02][0m[2;36m [0m[34mINFO    [0m [34mResolved call to system:[0m[37m                                                                                                                                                       [0m
[2;36m                   [0m[2;36m [0m[34mINFO    [0m [37m|[0m[37msystem([0m[37m                                                                                                                                                                       [0m
[2;36m                   [0m[2;36m [0m[34mINFO    [0m [37m|[0m[37m       rdi: <BV64 stack_base + 0xfffffffffffffef0> -> [0m[32m"echo The number is 1337"[0m[37m,[0m[37m                                                                                              [0m
[2;36m                   [0m[2;36m [0m[34mINFO    [0m [37m|[0m[37m       ) @ 0x4012f4 -> [0m[33m<BV64 0x0>[0m[37m                                                                                                                                             [0m
[2;36m                   [0m[2;36m [0m[34mINFO    [0m [37mFound 0 unresolved vulnerable definitions.                                                                                                                                     [0m
[2;36m                   [0m[2;36m [0m[34mINFO    [0m [37mAnalyzed 0/1 for sink system                                                                                                                                                   [0m
[2;36m                   [0m[2;36m [0m[34mINFO    [0m [37mFinished Running Analysis                                                                                                                                                      [0m
