[2;36m[03/09/25 08:27:34][0m[2;36m [0m[1;7;31mCRITICAL[0m [1;31mTARGETING SINKS: system                                                                                                                                                        [0m
[2;36m                   [0m[2;36m [0m[34mINFO    [0m [37mRunning RDA Taint on function main@0x4012da...                                                                                                                                 [0m
[2;36m[03/09/25 08:27:35][0m[2;36m [0m[34mINFO    [0m [37mRunning RDA on function main@0x4012da...                                                                                                                                       [0m
[2;36m[03/09/25 08:27:38][0m[2;36m [0m[34mINFO    [0m [37mFound 1 potential sinks.                                                                                                                                                       [0m
[2;36m[03/09/25 08:27:40][0m[2;36m [0m[34mINFO    [0m [37mFound 1 unresolved vulnerable definitions.                                                                                                                                     [0m
[2;36m[03/09/25 08:27:41][0m[2;36m [0m[1;7;31mCRITICAL[0m [1;31m**************************************************[0m[1;31m                                                                                                                             [0m
[2;36m                   [0m[2;36m [0m[1;7;31mCRITICAL[0m [1;31mUNRESOLVED CLOSURES to system: [0m[1;31m                                                                                                                                                [0m
[2;36m                   [0m[2;36m [0m[1;7;31mCRITICAL[0m [1;31m--------------------------------------------------[0m[1;31m                                                                                                                             [0m
[2;36m                   [0m[2;36m [0m[1;7;31mCRITICAL[0m [1;37mmain([0m[1;31m                                                                                                                                                                          [0m
[2;36m                   [0m[2;36m [0m[1;7;31mCRITICAL[0m [1;37m     ) @ 0x4012da[0m[1;31m                                                                                                                                                              [0m
[2;36m                   [0m[2;36m [0m[1;7;31mCRITICAL[0m [1;37m|[0m[1;37mcustom_read([0m[1;31m                                                                                                                                                                  [0m
[2;36m                   [0m[2;36m [0m[1;7;31mCRITICAL[0m [1;37m|[0m[1;37m            ) @ 0x4012fd -> [0m[1;33m[<BV64 0x0>, <BV64 0x0>, <BV64 TOP>][0m[1;31m                                                                                                              [0m
[2;36m                   [0m[2;36m [0m[1;7;31mCRITICAL[0m [1;37m|[0m[1;37msnprintf([0m[1;31m                                                                                                                                                                     [0m
[2;36m                   [0m[2;36m [0m[1;7;31mCRITICAL[0m [1;37m|[0m[1;37m         rdi: <BV64 stack_base + 0xfffffffffffffef0> -> [0m[1;34m"echo The input is <BV64 TOP>"[0m[1;37m,[0m[1;31m                                                                                       [0m
[2;36m                   [0m[2;36m [0m[1;7;31mCRITICAL[0m [1;37m|[0m[1;37m         rsi: <BV64 0x100>,[0m[1;31m                                                                                                                                                   [0m
[2;36m                   [0m[2;36m [0m[1;7;31mCRITICAL[0m [1;37m|[0m[1;37m         rdx: <BV64 0x40202e> -> [0m[1;32m"echo The input is %s"[0m[1;37m,[0m[1;31m                                                                                                                      [0m
[2;36m                   [0m[2;36m [0m[1;7;31mCRITICAL[0m [1;37m|[0m[1;37m         rcx: "064" | <BV64 TOP>,[0m[1;31m                                                                                                                                             [0m
[2;36m                   [0m[2;36m [0m[1;7;31mCRITICAL[0m [1;37m|[0m[1;37m         ) @ 0x401342 -> [0m[1;33m<BV64 TOP>[0m[1;31m                                                                                                                                           [0m
[2;36m                   [0m[2;36m [0m[1;7;31mCRITICAL[0m [1;37m|[0m[1;31msystem([0m[1;31m                                                                                                                                                                       [0m
[2;36m                   [0m[2;36m [0m[1;7;31mCRITICAL[0m [1;37m|[0m[1;31m       rdi: <BV64 stack_base + 0xfffffffffffffef0> -> [0m[1;34m"echo The input is <BV64 TOP>"[0m[1;31m,[0m[1;31m                                                                                         [0m
[2;36m                   [0m[2;36m [0m[1;7;31mCRITICAL[0m [1;37m|[0m[1;31m       ) @ 0x401351 -> [0m[1;33m<BV64 0x0>[0m[1;31m                                                                                                                                             [0m
[2;36m                   [0m[2;36m [0m[1;7;31mCRITICAL[0m [1;31m                                                                                                                                                                               [0m
[2;36m                   [0m[2;36m [0m[1;7;31mCRITICAL[0m [1;31mBINARY: program                                                                                                                                                                [0m
[2;36m                   [0m[2;36m [0m[1;7;31mCRITICAL[0m [1;31mINPUT SOURCES:                                                                                                                                                                 [0m
[2;36m                   [0m[2;36m [0m[1;7;31mCRITICAL[0m [1;34mUNKNOWN[0m[1;31m                                                                                                                                                                        [0m
[2;36m                   [0m[2;36m [0m[34mINFO    [0m [37mAnalyzed 0/1 for sink system                                                                                                                                                   [0m
[2;36m[03/09/25 08:27:57][0m[2;36m [0m[1;7;31mCRITICAL[0m [1;31m**************************************************[0m[1;31m                                                                                                                             [0m
[2;36m                   [0m[2;36m [0m[1;7;31mCRITICAL[0m [1;31mUNRESOLVED CLOSURES to system: [0m[1;31m                                                                                                                                                [0m
[2;36m                   [0m[2;36m [0m[1;7;31mCRITICAL[0m [1;31m--------------------------------------------------[0m[1;31m                                                                                                                             [0m
[2;36m                   [0m[2;36m [0m[1;7;31mCRITICAL[0m [1;37mmain([0m[1;31m                                                                                                                                                                          [0m
[2;36m                   [0m[2;36m [0m[1;7;31mCRITICAL[0m [1;37m     ) @ 0x4012da[0m[1;31m                                                                                                                                                              [0m
[2;36m                   [0m[2;36m [0m[1;7;31mCRITICAL[0m [1;37m|[0m[1;37mcustom_read([0m[1;31m                                                                                                                                                                  [0m
[2;36m                   [0m[2;36m [0m[1;7;31mCRITICAL[0m [1;37m|[0m[1;37m            ) @ 0x4012fd -> [0m[1;33m[<BV64 0x0>, <BV64 0x0>, <BV64 TOP>][0m[1;31m                                                                                                              [0m
[2;36m                   [0m[2;36m [0m[1;7;31mCRITICAL[0m [1;37m|[0m[1;37msnprintf([0m[1;31m                                                                                                                                                                     [0m
[2;36m                   [0m[2;36m [0m[1;7;31mCRITICAL[0m [1;37m|[0m[1;37m         rdi: <BV64 stack_base + 0xfffffffffffffef0> -> [0m[1;34m"echo The input is <BV64 TOP>"[0m[1;37m,[0m[1;31m                                                                                       [0m
[2;36m                   [0m[2;36m [0m[1;7;31mCRITICAL[0m [1;37m|[0m[1;37m         rsi: <BV64 0x100>,[0m[1;31m                                                                                                                                                   [0m
[2;36m                   [0m[2;36m [0m[1;7;31mCRITICAL[0m [1;37m|[0m[1;37m         rdx: <BV64 0x40202e> -> [0m[1;32m"echo The input is %s"[0m[1;37m,[0m[1;31m                                                                                                                      [0m
[2;36m                   [0m[2;36m [0m[1;7;31mCRITICAL[0m [1;37m|[0m[1;37m         rcx: "064" | <BV64 TOP>,[0m[1;31m                                                                                                                                             [0m
[2;36m                   [0m[2;36m [0m[1;7;31mCRITICAL[0m [1;37m|[0m[1;37m         ) @ 0x401342 -> [0m[1;33m<BV64 TOP>[0m[1;31m                                                                                                                                           [0m
[2;36m                   [0m[2;36m [0m[1;7;31mCRITICAL[0m [1;37m|[0m[1;31msystem([0m[1;31m                                                                                                                                                                       [0m
[2;36m                   [0m[2;36m [0m[1;7;31mCRITICAL[0m [1;37m|[0m[1;31m       rdi: <BV64 stack_base + 0xfffffffffffffef0> -> [0m[1;34m"echo The input is <BV64 TOP>"[0m[1;31m,[0m[1;31m                                                                                         [0m
[2;36m                   [0m[2;36m [0m[1;7;31mCRITICAL[0m [1;37m|[0m[1;31m       ) @ 0x401351 -> [0m[1;33m<BV64 0x0>[0m[1;31m                                                                                                                                             [0m
[2;36m                   [0m[2;36m [0m[1;7;31mCRITICAL[0m [1;31m                                                                                                                                                                               [0m
[2;36m                   [0m[2;36m [0m[1;7;31mCRITICAL[0m [1;31mBINARY: program                                                                                                                                                                [0m
[2;36m                   [0m[2;36m [0m[1;7;31mCRITICAL[0m [1;31mINPUT SOURCES:                                                                                                                                                                 [0m
[2;36m                   [0m[2;36m [0m[1;7;31mCRITICAL[0m [1;34mUNKNOWN[0m[1;31m                                                                                                                                                                        [0m
[2;36m                   [0m[2;36m [0m[34mINFO    [0m [37mFinished Running Analysis                                                                                                                                                      [0m
