[2;36m[03/10/25 08:39:29][0m[2;36m [0m[1;7;31mCRITICAL[0m [1;31mTARGETING SINKS: system                                                                                                                                                        [0m
[2;36m[03/10/25 08:39:34][0m[2;36m [0m[34mINFO    [0m [37mRunning RDA Taint on function main@0x401176...                                                                                                                                 [0m
[2;36m[03/10/25 08:46:15][0m[2;36m [0m[34mINFO    [0m [37mFinished Running Analysis                                                                                                                                                      [0m
