[2;36m[03/09/25 11:36:40][0m[2;36m [0m[1;7;31mCRITICAL[0m [1;31mTARGETING SINKS: system                                                                                                                                                        [0m
[2;36m                   [0m[2;36m [0m[34mINFO    [0m [37mRunning RDA Taint on function main@0x400000...                                                                                                                                 [0m
[2;36m[03/09/25 11:36:41][0m[2;36m [0m[34mINFO    [0m [37mRunning RDA on function main@0x400000...                                                                                                                                       [0m
[2;36m[03/09/25 11:36:42][0m[2;36m [0m[34mINFO    [0m [37mFound 2 potential sinks.                                                                                                                                                       [0m
[2;36m                   [0m[2;36m [0m[34mINFO    [0m [37mFound 2 unresolved vulnerable definitions.                                                                                                                                     [0m
[2;36m[03/09/25 11:36:44][0m[2;36m [0m[1;7;31mCRITICAL[0m [1;31m**************************************************[0m[1;31m                                                                                                                             [0m
[2;36m                   [0m[2;36m [0m[1;7;31mCRITICAL[0m [1;31mUNRESOLVED CLOSURES to system: [0m[1;31m                                                                                                                                                [0m
[2;36m                   [0m[2;36m [0m[1;7;31mCRITICAL[0m [1;31m--------------------------------------------------[0m[1;31m                                                                                                                             [0m
[2;36m                   [0m[2;36m [0m[1;7;31mCRITICAL[0m [1;37mmain([0m[1;31m                                                                                                                                                                          [0m
[2;36m                   [0m[2;36m [0m[1;7;31mCRITICAL[0m [1;37m     rdi: "<BV64 TOP><BV64 ARGC>",[0m[1;31m                                                                                                                                             [0m
[2;36m                   [0m[2;36m [0m[1;7;31mCRITICAL[0m [1;37m     rsi: <BV64 stack_base + 0xdeadc0de>,[0m[1;31m                                                                                                                                      [0m
[2;36m                   [0m[2;36m [0m[1;7;31mCRITICAL[0m [1;37m     ) @ 0x400000[0m[1;31m                                                                                                                                                              [0m
[2;36m                   [0m[2;36m [0m[1;7;31mCRITICAL[0m [1;37m|[0m[1;34mSOURCES: {'command1'}[0m[1;31m                                                                                                                                                         [0m
[2;36m                   [0m[2;36m [0m[1;7;31mCRITICAL[0m [1;37m|[0m[1;34mUNKNOWN[0m[1;31m                                                                                                                                                                       [0m
[2;36m                   [0m[2;36m [0m[1;7;31mCRITICAL[0m [1;37m|[0m[1;37macosNvramConfig_get([0m[1;31m                                                                                                                                                          [0m
[2;36m                   [0m[2;36m [0m[1;7;31mCRITICAL[0m [1;37m|[0m[1;37m                    rdi: <BV64 0x400071> -> [0m[1;32m"command1"[0m[1;37m,[0m[1;31m                                                                                                                       [0m
[2;36m                   [0m[2;36m [0m[1;7;31mCRITICAL[0m [1;37m|[0m[1;37m                    ) @ 0x40001d[0m[1;31m                                                                                                                                              [0m
[2;36m                   [0m[2;36m [0m[1;7;31mCRITICAL[0m [1;37m|[0m[1;31msystem([0m[1;31m                                                                                                                                                                       [0m
[2;36m                   [0m[2;36m [0m[1;7;31mCRITICAL[0m [1;37m|[0m[1;31m       rdi: <BV64 TOP>,[0m[1;31m                                                                                                                                                       [0m
[2;36m                   [0m[2;36m [0m[1;7;31mCRITICAL[0m [1;37m|[0m[1;31m       ) @ 0x40002d -> [0m[1;33m<BV64 0x0>[0m[1;31m                                                                                                                                             [0m
[2;36m                   [0m[2;36m [0m[1;7;31mCRITICAL[0m [1;31m                                                                                                                                                                               [0m
[2;36m                   [0m[2;36m [0m[1;7;31mCRITICAL[0m [1;31mBINARY: program                                                                                                                                                                [0m
[2;36m                   [0m[2;36m [0m[1;7;31mCRITICAL[0m [1;31mINPUT SOURCES:                                                                                                                                                                 [0m
[2;36m                   [0m[2;36m [0m[1;7;31mCRITICAL[0m [1;34mUNKNOWN[0m[1;31m                                                                                                                                                                        [0m
[2;36m[03/09/25 11:36:51][0m[2;36m [0m[1;7;31mCRITICAL[0m [1;31m**************************************************[0m[1;31m                                                                                                                             [0m
[2;36m                   [0m[2;36m [0m[1;7;31mCRITICAL[0m [1;31mUNRESOLVED CLOSURES to system: [0m[1;31m                                                                                                                                                [0m
[2;36m                   [0m[2;36m [0m[1;7;31mCRITICAL[0m [1;31m--------------------------------------------------[0m[1;31m                                                                                                                             [0m
[2;36m                   [0m[2;36m [0m[1;7;31mCRITICAL[0m [1;37mmain([0m[1;31m                                                                                                                                                                          [0m
[2;36m                   [0m[2;36m [0m[1;7;31mCRITICAL[0m [1;37m     rdi: "<BV64 TOP><BV64 ARGC>",[0m[1;31m                                                                                                                                             [0m
[2;36m                   [0m[2;36m [0m[1;7;31mCRITICAL[0m [1;37m     rsi: <BV64 stack_base + 0xdeadc0de>,[0m[1;31m                                                                                                                                      [0m
[2;36m                   [0m[2;36m [0m[1;7;31mCRITICAL[0m [1;37m     ) @ 0x400000[0m[1;31m                                                                                                                                                              [0m
[2;36m                   [0m[2;36m [0m[1;7;31mCRITICAL[0m [1;37m|[0m[1;34mSOURCES: {'command1'}[0m[1;31m                                                                                                                                                         [0m
[2;36m                   [0m[2;36m [0m[1;7;31mCRITICAL[0m [1;37m|[0m[1;34mUNKNOWN[0m[1;31m                                                                                                                                                                       [0m
[2;36m                   [0m[2;36m [0m[1;7;31mCRITICAL[0m [1;37m|[0m[1;37macosNvramConfig_get([0m[1;31m                                                                                                                                                          [0m
[2;36m                   [0m[2;36m [0m[1;7;31mCRITICAL[0m [1;37m|[0m[1;37m                    rdi: <BV64 0x400071> -> [0m[1;32m"command1"[0m[1;37m,[0m[1;31m                                                                                                                       [0m
[2;36m                   [0m[2;36m [0m[1;7;31mCRITICAL[0m [1;37m|[0m[1;37m                    ) @ 0x40001d[0m[1;31m                                                                                                                                              [0m
[2;36m                   [0m[2;36m [0m[1;7;31mCRITICAL[0m [1;37m|[0m[1;37msystem([0m[1;31m                                                                                                                                                                       [0m
[2;36m                   [0m[2;36m [0m[1;7;31mCRITICAL[0m [1;37m|[0m[1;37m       rdi: <BV64 TOP>,[0m[1;31m                                                                                                                                                       [0m
[2;36m                   [0m[2;36m [0m[1;7;31mCRITICAL[0m [1;37m|[0m[1;37m       ) @ 0x40002d -> [0m[1;33m<BV64 0x0>[0m[1;31m                                                                                                                                             [0m
[2;36m                   [0m[2;36m [0m[1;7;31mCRITICAL[0m [1;37m|[0m[1;34mSOURCES: {'command2'}[0m[1;31m                                                                                                                                                         [0m
[2;36m                   [0m[2;36m [0m[1;7;31mCRITICAL[0m [1;37m|[0m[1;34mUNKNOWN[0m[1;31m                                                                                                                                                                       [0m
[2;36m                   [0m[2;36m [0m[1;7;31mCRITICAL[0m [1;37m|[0m[1;37macosNvramConfig_get([0m[1;31m                                                                                                                                                          [0m
[2;36m                   [0m[2;36m [0m[1;7;31mCRITICAL[0m [1;37m|[0m[1;37m                    rdi: <BV64 0x40007a> -> [0m[1;32m"command2"[0m[1;37m,[0m[1;31m                                                                                                                       [0m
[2;36m                   [0m[2;36m [0m[1;7;31mCRITICAL[0m [1;37m|[0m[1;37m                    ) @ 0x40003c[0m[1;31m                                                                                                                                              [0m
[2;36m                   [0m[2;36m [0m[1;7;31mCRITICAL[0m [1;37m|[0m[1;31msystem([0m[1;31m                                                                                                                                                                       [0m
[2;36m                   [0m[2;36m [0m[1;7;31mCRITICAL[0m [1;37m|[0m[1;31m       rdi: <BV64 TOP>,[0m[1;31m                                                                                                                                                       [0m
[2;36m                   [0m[2;36m [0m[1;7;31mCRITICAL[0m [1;37m|[0m[1;31m       ) @ 0x40004c -> [0m[1;33m<BV64 0x0>[0m[1;31m                                                                                                                                             [0m
[2;36m                   [0m[2;36m [0m[1;7;31mCRITICAL[0m [1;31m                                                                                                                                                                               [0m
[2;36m                   [0m[2;36m [0m[1;7;31mCRITICAL[0m [1;31mBINARY: program                                                                                                                                                                [0m
[2;36m                   [0m[2;36m [0m[1;7;31mCRITICAL[0m [1;31mINPUT SOURCES:                                                                                                                                                                 [0m
[2;36m                   [0m[2;36m [0m[1;7;31mCRITICAL[0m [1;34mUNKNOWN[0m[1;31m                                                                                                                                                                        [0m
[2;36m                   [0m[2;36m [0m[34mINFO    [0m [37mAnalyzed 0/1 for sink system                                                                                                                                                   [0m
[2;36m[03/09/25 11:37:28][0m[2;36m [0m[1;7;31mCRITICAL[0m [1;31m**************************************************[0m[1;31m                                                                                                                             [0m
[2;36m                   [0m[2;36m [0m[1;7;31mCRITICAL[0m [1;31mUNRESOLVED CLOSURES to system: [0m[1;31m                                                                                                                                                [0m
[2;36m                   [0m[2;36m [0m[1;7;31mCRITICAL[0m [1;31m--------------------------------------------------[0m[1;31m                                                                                                                             [0m
[2;36m                   [0m[2;36m [0m[1;7;31mCRITICAL[0m [1;37mmain([0m[1;31m                                                                                                                                                                          [0m
[2;36m                   [0m[2;36m [0m[1;7;31mCRITICAL[0m [1;37m     rdi: "<BV64 TOP><BV64 ARGC>",[0m[1;31m                                                                                                                                             [0m
[2;36m                   [0m[2;36m [0m[1;7;31mCRITICAL[0m [1;37m     rsi: <BV64 stack_base + 0xdeadc0de>,[0m[1;31m                                                                                                                                      [0m
[2;36m                   [0m[2;36m [0m[1;7;31mCRITICAL[0m [1;37m     ) @ 0x400000[0m[1;31m                                                                                                                                                              [0m
[2;36m                   [0m[2;36m [0m[1;7;31mCRITICAL[0m [1;37m|[0m[1;34mSOURCES: {'command1'}[0m[1;31m                                                                                                                                                         [0m
[2;36m                   [0m[2;36m [0m[1;7;31mCRITICAL[0m [1;37m|[0m[1;34mUNKNOWN[0m[1;31m                                                                                                                                                                       [0m
[2;36m                   [0m[2;36m [0m[1;7;31mCRITICAL[0m [1;37m|[0m[1;37macosNvramConfig_get([0m[1;31m                                                                                                                                                          [0m
[2;36m                   [0m[2;36m [0m[1;7;31mCRITICAL[0m [1;37m|[0m[1;37m                    rdi: <BV64 0x400071> -> [0m[1;32m"command1"[0m[1;37m,[0m[1;31m                                                                                                                       [0m
[2;36m                   [0m[2;36m [0m[1;7;31mCRITICAL[0m [1;37m|[0m[1;37m                    ) @ 0x40001d[0m[1;31m                                                                                                                                              [0m
[2;36m                   [0m[2;36m [0m[1;7;31mCRITICAL[0m [1;37m|[0m[1;31msystem([0m[1;31m                                                                                                                                                                       [0m
[2;36m                   [0m[2;36m [0m[1;7;31mCRITICAL[0m [1;37m|[0m[1;31m       rdi: <BV64 TOP>,[0m[1;31m                                                                                                                                                       [0m
[2;36m                   [0m[2;36m [0m[1;7;31mCRITICAL[0m [1;37m|[0m[1;31m       ) @ 0x40002d -> [0m[1;33m<BV64 0x0>[0m[1;31m                                                                                                                                             [0m
[2;36m                   [0m[2;36m [0m[1;7;31mCRITICAL[0m [1;31m                                                                                                                                                                               [0m
[2;36m                   [0m[2;36m [0m[1;7;31mCRITICAL[0m [1;31mBINARY: program                                                                                                                                                                [0m
[2;36m                   [0m[2;36m [0m[1;7;31mCRITICAL[0m [1;31mINPUT SOURCES:                                                                                                                                                                 [0m
[2;36m                   [0m[2;36m [0m[1;7;31mCRITICAL[0m [1;34mUNKNOWN[0m[1;31m                                                                                                                                                                        [0m
[2;36m                   [0m[2;36m [0m[1;7;31mCRITICAL[0m [1;31m--------------------------------------------------[0m[1;31m                                                                                                                             [0m
[2;36m                   [0m[2;36m [0m[1;7;31mCRITICAL[0m [1;37mmain([0m[1;31m                                                                                                                                                                          [0m
[2;36m                   [0m[2;36m [0m[1;7;31mCRITICAL[0m [1;37m     rdi: "<BV64 TOP><BV64 ARGC>",[0m[1;31m                                                                                                                                             [0m
[2;36m                   [0m[2;36m [0m[1;7;31mCRITICAL[0m [1;37m     rsi: <BV64 stack_base + 0xdeadc0de>,[0m[1;31m                                                                                                                                      [0m
[2;36m                   [0m[2;36m [0m[1;7;31mCRITICAL[0m [1;37m     ) @ 0x400000[0m[1;31m                                                                                                                                                              [0m
[2;36m                   [0m[2;36m [0m[1;7;31mCRITICAL[0m [1;37m|[0m[1;34mSOURCES: {'command1'}[0m[1;31m                                                                                                                                                         [0m
[2;36m                   [0m[2;36m [0m[1;7;31mCRITICAL[0m [1;37m|[0m[1;34mUNKNOWN[0m[1;31m                                                                                                                                                                       [0m
[2;36m                   [0m[2;36m [0m[1;7;31mCRITICAL[0m [1;37m|[0m[1;37macosNvramConfig_get([0m[1;31m                                                                                                                                                          [0m
[2;36m                   [0m[2;36m [0m[1;7;31mCRITICAL[0m [1;37m|[0m[1;37m                    rdi: <BV64 0x400071> -> [0m[1;32m"command1"[0m[1;37m,[0m[1;31m                                                                                                                       [0m
[2;36m                   [0m[2;36m [0m[1;7;31mCRITICAL[0m [1;37m|[0m[1;37m                    ) @ 0x40001d[0m[1;31m                                                                                                                                              [0m
[2;36m                   [0m[2;36m [0m[1;7;31mCRITICAL[0m [1;37m|[0m[1;37msystem([0m[1;31m                                                                                                                                                                       [0m
[2;36m                   [0m[2;36m [0m[1;7;31mCRITICAL[0m [1;37m|[0m[1;37m       rdi: <BV64 TOP>,[0m[1;31m                                                                                                                                                       [0m
[2;36m                   [0m[2;36m [0m[1;7;31mCRITICAL[0m [1;37m|[0m[1;37m       ) @ 0x40002d -> [0m[1;33m<BV64 0x0>[0m[1;31m                                                                                                                                             [0m
[2;36m                   [0m[2;36m [0m[1;7;31mCRITICAL[0m [1;37m|[0m[1;34mSOURCES: {'command2'}[0m[1;31m                                                                                                                                                         [0m
[2;36m                   [0m[2;36m [0m[1;7;31mCRITICAL[0m [1;37m|[0m[1;34mUNKNOWN[0m[1;31m                                                                                                                                                                       [0m
[2;36m                   [0m[2;36m [0m[1;7;31mCRITICAL[0m [1;37m|[0m[1;37macosNvramConfig_get([0m[1;31m                                                                                                                                                          [0m
[2;36m                   [0m[2;36m [0m[1;7;31mCRITICAL[0m [1;37m|[0m[1;37m                    rdi: <BV64 0x40007a> -> [0m[1;32m"command2"[0m[1;37m,[0m[1;31m                                                                                                                       [0m
[2;36m                   [0m[2;36m [0m[1;7;31mCRITICAL[0m [1;37m|[0m[1;37m                    ) @ 0x40003c[0m[1;31m                                                                                                                                              [0m
[2;36m                   [0m[2;36m [0m[1;7;31mCRITICAL[0m [1;37m|[0m[1;31msystem([0m[1;31m                                                                                                                                                                       [0m
[2;36m                   [0m[2;36m [0m[1;7;31mCRITICAL[0m [1;37m|[0m[1;31m       rdi: <BV64 TOP>,[0m[1;31m                                                                                                                                                       [0m
[2;36m[03/09/25 11:37:29][0m[2;36m [0m[1;7;31mCRITICAL[0m [1;37m|[0m[1;31m       ) @ 0x40004c -> [0m[1;33m<BV64 0x0>[0m[1;31m                                                                                                                                             [0m
[2;36m                   [0m[2;36m [0m[1;7;31mCRITICAL[0m [1;31m                                                                                                                                                                               [0m
[2;36m                   [0m[2;36m [0m[1;7;31mCRITICAL[0m [1;31mBINARY: program                                                                                                                                                                [0m
[2;36m                   [0m[2;36m [0m[1;7;31mCRITICAL[0m [1;31mINPUT SOURCES:                                                                                                                                                                 [0m
[2;36m                   [0m[2;36m [0m[1;7;31mCRITICAL[0m [1;34mUNKNOWN[0m[1;31m                                                                                                                                                                        [0m
[2;36m                   [0m[2;36m [0m[34mINFO    [0m [37mFinished Running Analysis                                                                                                                                                      [0m
