[2;36m[04/10/25 00:12:25][0m[2;36m [0m[1;7;31mCRITICAL[0m [1;31mTARGETING SINKS: execvp                                                                                                                                                        [0m
[2;36m[04/10/25 00:12:26][0m[2;36m [0m[34mINFO    [0m [37mRunning RDA Taint on function sub_404740@0x404740...                                                                                                                           [0m
[2;36m                   [0m[2;36m [0m[34mINFO    [0m [37mRunning RDA Taint on function sub_401860@0x401860...                                                                                                                           [0m
[2;36m                   [0m[2;36m [0m[34mINFO    [0m [37mRunning RDA Taint on function _ftext@0x400d30...                                                                                                                               [0m
[2;36m                   [0m[2;36m [0m[34mINFO    [0m [37mRunning RDA on function _ftext@0x400d30...                                                                                                                                     [0m
[2;36m[04/10/25 00:17:26][0m[2;36m [0m[1;7;31mCRITICAL[0m [1;31mTIMEOUT FOR subject: [<CallSite in function 0x404740, calling 0x500004>, <CallSite in function 0x401860, calling 0x404740>, <CallSite in function 0x400d30, calling 0x401860>],[0m
[2;36m                    [0m         [1;31msink: execvp                                                                                                                                                                   [0m
[2;36m[04/10/25 01:38:46][0m[2;36m [0m[1;31mERROR   [0m [31mRDA Failed Due to Timeout                                                                                                                                                      [0m
[2;36m                   [0m[2;36m [0m[34mINFO    [0m [37mAnalyzed 0/1 for sink execvp                                                                                                                                                   [0m
[2;36m                   [0m[2;36m [0m[34mINFO    [0m [37mFinished Running Analysis                                                                                                                                                      [0m
