[2;36m[03/11/25 01:08:39][0m[2;36m [0m[1;7;31mCRITICAL[0m [1;31mTARGETING SINKS: luaL_register                                                                                                                                                 [0m
[2;36m[03/11/25 01:08:53][0m[2;36m [0m[34mINFO    [0m [37mFinished Running Analysis                                                                                                                                                      [0m
