[2;36m[04/10/25 05:28:20][0m[2;36m [0m[1;7;31mCRITICAL[0m [1;31mNO SINKS FOUND                                                                                                                                                                 [0m
[2;36m                   [0m[2;36m [0m[34mINFO    [0m [37mFinished Running Analysis                                                                                                                                                      [0m
