[2;36m[03/13/25 03:14:44][0m[2;36m [0m[1;7;31mCRITICAL[0m [1;31mTARGETING SINKS: system                                                                                                                                                        [0m
[2;36m                   [0m[2;36m [0m[34mINFO    [0m [37mRunning RDA Taint on function main@0x4011ac...                                                                                                                                 [0m
[2;36m                   [0m[2;36m [0m[32mDEBUG   [0m [32mTrace: main->system                                                                                                                                                            [0m
[2;36m                   [0m[2;36m [0m[32mDEBUG   [0m [32mTainting: uf_socket_msg_read(<MultiValues(<BV64 0x0>)>, <MultiValues(<BV64 TOP>)>) @ 0x4011d9                                                                                  [0m
[2;36m                   [0m[2;36m [0m[32mDEBUG   [0m [32mTainting: snprintf(<MultiValues(<BV64 stack_base + 0xfffffffffffffef0>)>, <MultiValues(<BV64 0x100>)>, <MultiValues(<BV64 0x402004>)>, <MultiValues(<BV64 0#32 .. (0x0 ..      [0m
[2;36m                    [0m         [32mTOP)>)>) @ 0x40120b                                                                                                                                                            [0m
[2;36m                   [0m[2;36m [0m[32mDEBUG   [0m [32mTainting: system(<MultiValues(<BV64 stack_base + 0xfffffffffffffef0>)>) @ 0x40121a                                                                                             [0m
[2;36m                   [0m[2;36m [0m[32mDEBUG   [0m [32mTainting: fwrite(<MultiValues(<BV64 0x402019>)>, <MultiValues(<BV64 0x1>)>, <MultiValues(<BV64 0x13>)>, <MultiValues(<BV64 0x500030>)>) @ 0x40124c                             [0m
[2;36m                   [0m[2;36m [0m[32mDEBUG   [0m [32mTainting: __stack_chk_fail() @ 0x40126d                                                                                                                                        [0m
[2;36m                   [0m[2;36m [0m[34mINFO    [0m [37mRunning RDA on function main@0x4011ac...                                                                                                                                       [0m
[2;36m                   [0m[2;36m [0m[32mDEBUG   [0m [32mTrace: main->system                                                                                                                                                            [0m
[2;36m                   [0m[2;36m [0m[32mDEBUG   [0m [32mAnalyzing uf_socket_msg_read(<MultiValues(<BV64 0x0>)>, <MultiValues(<BV64 TOP>)>) @ 0x4011d9                                                                                  [0m
[2;36m                   [0m[2;36m [0m[32mDEBUG   [0m [32mRDA: uf_socket_msg_read(), ins_addr=0x4011d9                                                                                                                                   [0m
[2;36m[03/13/25 03:14:46][0m[2;36m [0m[32mDEBUG   [0m [32mAnalyzing snprintf(<MultiValues(<BV64 stack_base + 0xfffffffffffffef0>)>, <MultiValues(<BV64 0x100>)>, <MultiValues(<BV64 0x402004>)>, <MultiValues(<BV64 0#32 .. (0x0 ..      [0m
[2;36m                    [0m         [32mTOP)>)>) @ 0x40120b                                                                                                                                                            [0m
[2;36m                   [0m[2;36m [0m[32mDEBUG   [0m [32mRDA: snprintf(): Using sprintf(). Size n is ignored.                                                                                                                           [0m
[2;36m                   [0m[2;36m [0m[32mDEBUG   [0m [32mRDA: snprintf(), ins_addr=0x40120b                                                                                                                                             [0m
[2;36m                   [0m[2;36m [0m[32mDEBUG   [0m [32mHit Depth Change at: system(<MultiValues(<BV64 stack_base + 0xfffffffffffffef0>)>) @ 0x40121a                                                                                  [0m
[2;36m                   [0m[2;36m [0m[32mDEBUG   [0m [32mAnalyzing system(<MultiValues(<BV64 stack_base + 0xfffffffffffffef0>)>) @ 0x40121a                                                                                             [0m
[2;36m                   [0m[2;36m [0m[32mDEBUG   [0m [32mRDA: system(), ins_addr=0x40121a                                                                                                                                               [0m
[2;36m                   [0m[2;36m [0m[32mDEBUG   [0m [32mSkipping fwrite(<MultiValues(<BV64 0x402019>)>, <MultiValues(<BV64 0x1>)>, <MultiValues(<BV64 0x13>)>, <MultiValues(<BV64 0x500030>)>) @ 0x40124c                              [0m
[2;36m                   [0m[2;36m [0m[32mDEBUG   [0m [32mSkipping __stack_chk_fail() @ 0x40126d                                                                                                                                         [0m
[2;36m                   [0m[2;36m [0m[32mDEBUG   [0m [32mStarting Post Analysis                                                                                                                                                         [0m
[2;36m                   [0m[2;36m [0m[32mDEBUG   [0m [32mFinding vulnerable sinks.                                                                                                                                                      [0m
[2;36m                   [0m[2;36m [0m[32mDEBUG   [0m [32mChecking system(<MultiValues(<BV64 stack_base + 0xfffffffffffffef0>)>) @ 0x40121a for closure                                                                                  [0m
[2;36m                   [0m[2;36m [0m[34mINFO    [0m [37mFound 1 potential sinks.                                                                                                                                                       [0m
[2;36m                   [0m[2;36m [0m[34mINFO    [0m [37mFound 1 unresolved vulnerable definitions.                                                                                                                                     [0m
[2;36m                   [0m[2;36m [0m[32mDEBUG   [0m [32mSaving Closure: Closure(sink_trace=system(<MultiValues(<BV64 stack_base + 0xfffffffffffffef0>)>) @ 0x40121a, rda=<CustomRDA Analysis Result at 0x7f3bf95760d0>,                [0m
[2;36m                    [0m         [32mhandler=<argument_resolver.handlers.local_handler.Handler object at 0x7f3c0d3def50>)                                                                                           [0m
[2;36m                   [0m[2;36m [0m[1;7;31mCRITICAL[0m [1;31m**************************************************[0m[1;31m                                                                                                                             [0m
[2;36m                   [0m[2;36m [0m[1;7;31mCRITICAL[0m [1;31mUNRESOLVED CLOSURES to system: [0m[1;31m                                                                                                                                                [0m
[2;36m                   [0m[2;36m [0m[1;7;31mCRITICAL[0m [1;31m--------------------------------------------------[0m[1;31m                                                                                                                             [0m
[2;36m                   [0m[2;36m [0m[1;7;31mCRITICAL[0m [1;37mmain([0m[1;31m                                                                                                                                                                          [0m
[2;36m                   [0m[2;36m [0m[1;7;31mCRITICAL[0m [1;37m     ) @ 0x4011ac[0m[1;31m                                                                                                                                                              [0m
[2;36m                   [0m[2;36m [0m[1;7;31mCRITICAL[0m [1;37m|[0m[1;37muf_socket_msg_read([0m[1;31m                                                                                                                                                           [0m
[2;36m                   [0m[2;36m [0m[1;7;31mCRITICAL[0m [1;37m|[0m[1;37m                   rdi: <BV64 0x0>,[0m[1;31m                                                                                                                                           [0m
[2;36m                   [0m[2;36m [0m[1;7;31mCRITICAL[0m [1;37m|[0m[1;37m                   rsi: <BV64 0x0>,[0m[1;31m                                                                                                                                           [0m
[2;36m                   [0m[2;36m [0m[1;7;31mCRITICAL[0m [1;37m|[0m[1;37m                   ) @ 0x4011d9 -> [0m[1;33m<BV64 0x200>[0m[1;31m                                                                                                                               [0m
[2;36m                   [0m[2;36m [0m[1;7;31mCRITICAL[0m [1;37m|[0m[1;37msnprintf([0m[1;31m                                                                                                                                                                     [0m
[2;36m                   [0m[2;36m [0m[1;7;31mCRITICAL[0m [1;37m|[0m[1;37m         rdi: <BV64 stack_base + 0xfffffffffffffef0> -> [0m[1;34m"echo The input is <BV64 TOP>"[0m[1;37m,[0m[1;31m                                                                                       [0m
[2;36m                   [0m[2;36m [0m[1;7;31mCRITICAL[0m [1;37m|[0m[1;37m         rsi: <BV64 0x100>,[0m[1;31m                                                                                                                                                   [0m
[2;36m                   [0m[2;36m [0m[1;7;31mCRITICAL[0m [1;37m|[0m[1;37m         rdx: <BV64 0x402004> -> [0m[1;32m"echo The input is %s"[0m[1;37m,[0m[1;31m                                                                                                                      [0m
[2;36m                   [0m[2;36m [0m[1;7;31mCRITICAL[0m [1;37m|[0m[1;37m         rcx: "32<BV32 0x0 .. TOP>",[0m[1;31m                                                                                                                                          [0m
[2;36m                   [0m[2;36m [0m[1;7;31mCRITICAL[0m [1;37m|[0m[1;37m         ) @ 0x40120b -> [0m[1;33m<BV64 TOP>[0m[1;31m                                                                                                                                           [0m
[2;36m                   [0m[2;36m [0m[1;7;31mCRITICAL[0m [1;37m|[0m[1;31msystem([0m[1;31m                                                                                                                                                                       [0m
[2;36m                   [0m[2;36m [0m[1;7;31mCRITICAL[0m [1;37m|[0m[1;31m       rdi: <BV64 stack_base + 0xfffffffffffffef0> -> [0m[1;34m"echo The input is <BV64 TOP>"[0m[1;31m,[0m[1;31m                                                                                         [0m
[2;36m                   [0m[2;36m [0m[1;7;31mCRITICAL[0m [1;37m|[0m[1;31m       ) @ 0x40121a -> [0m[1;33m<BV64 0x0>[0m[1;31m                                                                                                                                             [0m
[2;36m                   [0m[2;36m [0m[1;7;31mCRITICAL[0m [1;31m                                                                                                                                                                               [0m
[2;36m                   [0m[2;36m [0m[1;7;31mCRITICAL[0m [1;31mBINARY: program_nest_stuct                                                                                                                                                     [0m
[2;36m                   [0m[2;36m [0m[1;7;31mCRITICAL[0m [1;31mINPUT SOURCES:                                                                                                                                                                 [0m
[2;36m                   [0m[2;36m [0m[1;7;31mCRITICAL[0m [1;38;5;129mLikely:[0m[1;31m                                                                                                                                                                        [0m
[2;36m                   [0m[2;36m [0m[1;7;31mCRITICAL[0m [1;38;5;129mNONE[0m[1;31m                                                                                                                                                                           [0m
[2;36m                   [0m[2;36m [0m[1;7;31mCRITICAL[0m [1;38;2;128;128;128mPossibly:[0m[1;31m                                                                                                                                                                      [0m
[2;36m                   [0m[2;36m [0m[1;7;31mCRITICAL[0m [1;38;2;128;128;128m----------[0m[1;31m                                                                                                                                                                     [0m
[2;36m                   [0m[2;36m [0m[1;7;31mCRITICAL[0m [1;38;2;128;128;128mKEY: "stdin"[0m[1;31m                                                                                                                                                                   [0m
[2;36m                   [0m[2;36m [0m[1;7;31mCRITICAL[0m [1;38;2;128;128;128m"stdin"[0m[1;31m                                                                                                                                                                        [0m
[2;36m                   [0m[2;36m [0m[1;7;31mCRITICAL[0m [1;38;2;128;128;128muf_socket_msg_read("stdin")_msg_buffer@0x4011d9[0m[1;31m                                                                                                                                [0m
[2;36m                   [0m[2;36m [0m[1;7;31mCRITICAL[0m [1;38;2;128;128;128m----------[0m[1;31m                                                                                                                                                                     [0m
[2;36m                   [0m[2;36m [0m[1;7;31mCRITICAL[0m [1;33mRANK: 0.000[0m[1;31m                                                                                                                                                                    [0m
[2;36m                   [0m[2;36m [0m[34mINFO    [0m [37mAnalyzed 0/1 for sink system                                                                                                                                                   [0m
[2;36m                   [0m[2;36m [0m[1;7;31mCRITICAL[0m [1;31m**************************************************[0m[1;31m                                                                                                                             [0m
[2;36m                   [0m[2;36m [0m[1;7;31mCRITICAL[0m [1;31mUNRESOLVED CLOSURES to system: [0m[1;31m                                                                                                                                                [0m
[2;36m                   [0m[2;36m [0m[1;7;31mCRITICAL[0m [1;31m--------------------------------------------------[0m[1;31m                                                                                                                             [0m
[2;36m                   [0m[2;36m [0m[1;7;31mCRITICAL[0m [1;37mmain([0m[1;31m                                                                                                                                                                          [0m
[2;36m                   [0m[2;36m [0m[1;7;31mCRITICAL[0m [1;37m     ) @ 0x4011ac[0m[1;31m                                                                                                                                                              [0m
[2;36m                   [0m[2;36m [0m[1;7;31mCRITICAL[0m [1;37m|[0m[1;37muf_socket_msg_read([0m[1;31m                                                                                                                                                           [0m
[2;36m                   [0m[2;36m [0m[1;7;31mCRITICAL[0m [1;37m|[0m[1;37m                   rdi: <BV64 0x0>,[0m[1;31m                                                                                                                                           [0m
[2;36m                   [0m[2;36m [0m[1;7;31mCRITICAL[0m [1;37m|[0m[1;37m                   rsi: <BV64 0x0>,[0m[1;31m                                                                                                                                           [0m
[2;36m                   [0m[2;36m [0m[1;7;31mCRITICAL[0m [1;37m|[0m[1;37m                   ) @ 0x4011d9 -> [0m[1;33m<BV64 0x200>[0m[1;31m                                                                                                                               [0m
[2;36m                   [0m[2;36m [0m[1;7;31mCRITICAL[0m [1;37m|[0m[1;37msnprintf([0m[1;31m                                                                                                                                                                     [0m
[2;36m                   [0m[2;36m [0m[1;7;31mCRITICAL[0m [1;37m|[0m[1;37m         rdi: <BV64 stack_base + 0xfffffffffffffef0> -> [0m[1;34m"echo The input is <BV64 TOP>"[0m[1;37m,[0m[1;31m                                                                                       [0m
[2;36m                   [0m[2;36m [0m[1;7;31mCRITICAL[0m [1;37m|[0m[1;37m         rsi: <BV64 0x100>,[0m[1;31m                                                                                                                                                   [0m
[2;36m                   [0m[2;36m [0m[1;7;31mCRITICAL[0m [1;37m|[0m[1;37m         rdx: <BV64 0x402004> -> [0m[1;32m"echo The input is %s"[0m[1;37m,[0m[1;31m                                                                                                                      [0m
[2;36m                   [0m[2;36m [0m[1;7;31mCRITICAL[0m [1;37m|[0m[1;37m         rcx: "32<BV32 0x0 .. TOP>",[0m[1;31m                                                                                                                                          [0m
[2;36m                   [0m[2;36m [0m[1;7;31mCRITICAL[0m [1;37m|[0m[1;37m         ) @ 0x40120b -> [0m[1;33m<BV64 TOP>[0m[1;31m                                                                                                                                           [0m
[2;36m                   [0m[2;36m [0m[1;7;31mCRITICAL[0m [1;37m|[0m[1;31msystem([0m[1;31m                                                                                                                                                                       [0m
[2;36m                   [0m[2;36m [0m[1;7;31mCRITICAL[0m [1;37m|[0m[1;31m       rdi: <BV64 stack_base + 0xfffffffffffffef0> -> [0m[1;34m"echo The input is <BV64 TOP>"[0m[1;31m,[0m[1;31m                                                                                         [0m
[2;36m                   [0m[2;36m [0m[1;7;31mCRITICAL[0m [1;37m|[0m[1;31m       ) @ 0x40121a -> [0m[1;33m<BV64 0x0>[0m[1;31m                                                                                                                                             [0m
[2;36m                   [0m[2;36m [0m[1;7;31mCRITICAL[0m [1;31m                                                                                                                                                                               [0m
[2;36m                   [0m[2;36m [0m[1;7;31mCRITICAL[0m [1;31mBINARY: program_nest_stuct                                                                                                                                                     [0m
[2;36m                   [0m[2;36m [0m[1;7;31mCRITICAL[0m [1;31mINPUT SOURCES:                                                                                                                                                                 [0m
[2;36m                   [0m[2;36m [0m[1;7;31mCRITICAL[0m [1;38;5;129mLikely:[0m[1;31m                                                                                                                                                                        [0m
[2;36m                   [0m[2;36m [0m[1;7;31mCRITICAL[0m [1;38;5;129mNONE[0m[1;31m                                                                                                                                                                           [0m
[2;36m                   [0m[2;36m [0m[1;7;31mCRITICAL[0m [1;38;2;128;128;128mPossibly:[0m[1;31m                                                                                                                                                                      [0m
[2;36m                   [0m[2;36m [0m[1;7;31mCRITICAL[0m [1;38;2;128;128;128m----------[0m[1;31m                                                                                                                                                                     [0m
[2;36m                   [0m[2;36m [0m[1;7;31mCRITICAL[0m [1;38;2;128;128;128mKEY: "stdin"[0m[1;31m                                                                                                                                                                   [0m
[2;36m                   [0m[2;36m [0m[1;7;31mCRITICAL[0m [1;38;2;128;128;128m"stdin"[0m[1;31m                                                                                                                                                                        [0m
[2;36m                   [0m[2;36m [0m[1;7;31mCRITICAL[0m [1;38;2;128;128;128muf_socket_msg_read("stdin")_msg_buffer@0x4011d9[0m[1;31m                                                                                                                                [0m
[2;36m                   [0m[2;36m [0m[1;7;31mCRITICAL[0m [1;38;2;128;128;128m----------[0m[1;31m                                                                                                                                                                     [0m
[2;36m                   [0m[2;36m [0m[1;7;31mCRITICAL[0m [1;33mRANK: 0.000[0m[1;31m                                                                                                                                                                    [0m
[2;36m                   [0m[2;36m [0m[34mINFO    [0m [37mFinished Running Analysis                                                                                                                                                      [0m
