[2;36m[07/12/25 22:27:33][0m[2;36m [0m[1;7;31mCRITICAL[0m [1;31mNO SINKS FOUND                                                                                                                          [0m
[2;36m                   [0m[2;36m [0m[34mINFO    [0m [37mFinished Running Analysis                                                                                                               [0m
